
======================================================================
BWT Performance Benchmark
======================================================================
Dataset Directory: data/large_size
Number of trials per test: 5
Number of worker threads: 8
Scanning directory: data/large_size
Found 1 files
Testing 6 block sizes
Total test cases: 6
======================================================================

[1/6] Running: kjv_bible.txt (block size: 64 B)

======================================================================
Test: kjv_bible.txt
Block Size: 64 B
Input Size: 4.15 MB
Output Size: 4.22 MB
Compression Ratio: 1.0156
----------------------------------------------------------------------
Trials: 5
----------------------------------------------------------------------
Forward BWT:
  Mean:   327.1576 ms ± 11.9705 ms
  Min:    317.3225 ms
  Max:    344.3896 ms

Inverse BWT:
  Mean:   316.7429 ms ± 14.4502 ms
  Min:    300.9939 ms
  Max:    334.0473 ms

Total Roundtrip:
  Mean:   643.9005 ms ± 22.5236 ms
  Min:    620.6970 ms
  Max:    669.0553 ms

Throughput: 6.45 MB/s
======================================================================

[2/6] Running: kjv_bible.txt (block size: 128 B)

======================================================================
Test: kjv_bible.txt
Block Size: 128 B
Input Size: 4.15 MB
Output Size: 4.19 MB
Compression Ratio: 1.0078
----------------------------------------------------------------------
Trials: 5
----------------------------------------------------------------------
Forward BWT:
  Mean:   173.1366 ms ± 3.4275 ms
  Min:    169.4761 ms
  Max:    177.3733 ms

Inverse BWT:
  Mean:   162.7562 ms ± 4.1373 ms
  Min:    159.5694 ms
  Max:    169.8049 ms

Total Roundtrip:
  Mean:   335.8928 ms ± 3.8227 ms
  Min:    329.8990 ms
  Max:    339.2810 ms

Throughput: 12.37 MB/s
======================================================================

[3/6] Running: kjv_bible.txt (block size: 256 B)

======================================================================
Test: kjv_bible.txt
Block Size: 256 B
Input Size: 4.15 MB
Output Size: 4.17 MB
Compression Ratio: 1.0039
----------------------------------------------------------------------
Trials: 5
----------------------------------------------------------------------
Forward BWT:
  Mean:   105.7782 ms ± 1.1951 ms
  Min:    104.2342 ms
  Max:    107.4094 ms

Inverse BWT:
  Mean:   90.6251 ms ± 2.5641 ms
  Min:    86.3314 ms
  Max:    92.7087 ms

Total Roundtrip:
  Mean:   196.4034 ms ± 3.6804 ms
  Min:    190.5656 ms
  Max:    200.1181 ms

Throughput: 21.15 MB/s
======================================================================

[4/6] Running: kjv_bible.txt (block size: 512 B)

======================================================================
Test: kjv_bible.txt
Block Size: 512 B
Input Size: 4.15 MB
Output Size: 4.16 MB
Compression Ratio: 1.0020
----------------------------------------------------------------------
Trials: 5
----------------------------------------------------------------------
Forward BWT:
  Mean:   72.3469 ms ± 1.7676 ms
  Min:    70.7355 ms
  Max:    75.1688 ms

Inverse BWT:
  Mean:   54.2471 ms ± 571.1490 μs
  Min:    53.5483 ms
  Max:    55.0308 ms

Total Roundtrip:
  Mean:   126.5940 ms ± 1.2905 ms
  Min:    125.3835 ms
  Max:    128.7171 ms

Throughput: 32.82 MB/s
======================================================================

[5/6] Running: kjv_bible.txt (block size: 1.00 KB)

======================================================================
Test: kjv_bible.txt
Block Size: 1.00 KB
Input Size: 4.15 MB
Output Size: 4.16 MB
Compression Ratio: 1.0010
----------------------------------------------------------------------
Trials: 5
----------------------------------------------------------------------
Forward BWT:
  Mean:   55.3786 ms ± 2.0292 ms
  Min:    53.5073 ms
  Max:    58.7932 ms

Inverse BWT:
  Mean:   35.2007 ms ± 692.0078 μs
  Min:    34.5629 ms
  Max:    36.3839 ms

Total Roundtrip:
  Mean:   90.5793 ms ± 2.7147 ms
  Min:    88.0702 ms
  Max:    95.1770 ms

Throughput: 45.86 MB/s
======================================================================

[6/6] Running: kjv_bible.txt (block size: 2.00 KB)

======================================================================
Test: kjv_bible.txt
Block Size: 2.00 KB
Input Size: 4.15 MB
Output Size: 4.16 MB
Compression Ratio: 1.0005
----------------------------------------------------------------------
Trials: 5
----------------------------------------------------------------------
Forward BWT:
  Mean:   48.6314 ms ± 665.3399 μs
  Min:    47.9977 ms
  Max:    49.5679 ms

Inverse BWT:
  Mean:   27.3485 ms ± 950.4760 μs
  Min:    26.7424 ms
  Max:    29.0231 ms

Total Roundtrip:
  Mean:   75.9799 ms ± 1.1257 ms
  Min:    74.8861 ms
  Max:    77.4760 ms

Throughput: 54.68 MB/s
======================================================================

======================================================================
Performance Benchmark Complete!
Total tests completed: 6

======================================================================
Aggregate Statistics by Block Size (Entire Dataset)
======================================================================
Block Size  Total Size     Total Time     Throughput        Comp. Ratio 
------------------------------------------------------------------------
64 B        4.15 MB        643.9005 ms    6.45 MB/s         1.0156      
128 B       4.15 MB        335.8928 ms    12.37 MB/s        1.0078      
256 B       4.15 MB        196.4034 ms    21.15 MB/s        1.0039      
512 B       4.15 MB        126.5940 ms    32.82 MB/s        1.0020      
1.00 KB     4.15 MB        90.5793 ms     45.86 MB/s        1.0010      
2.00 KB     4.15 MB        75.9799 ms     54.68 MB/s        1.0005      
======================================================================
======================================================================
